
> helper-platform@ build C:\Users\aayus\OneDrive\Desktop\startup\helper\helper-platform
> turbo run build

node.exe : ÔÇó turbo 2.8.20
At C:\Users\aayus\AppData\Roaming\npm\pnpm.ps1:24 char:5
+     & "node$exe"  "$basedir/node_modules/pnpm/bin/pnpm.cjs" $args
+     ~~~~~~~~~~~~~~~~~~~~~~~~~~~~~~~~~~~~~~~~~~~~~~~~~~~~~~~~~~~~~
    + CategoryInfo          : NotSpecified: (ÔÇó turbo 2.8.20:String) [], Remo 
   teException
    + FullyQualifiedErrorId : NativeCommandError
 

   ÔÇó Packages in scope: @repo/db, @repo/eslint-config, @repo/types, @repo/typescript-config, @repo/ui, @repo/validators, realtime, web
   ÔÇó Running build in 8 packages
   ÔÇó Remote caching disabled

@repo/db:build: cache miss, executing 7a2c452f0de88643
@repo/db:build: 
@repo/db:build: > @repo/db@0.0.0 build C:\Users\aayus\OneDrive\Desktop\startup\helper\helper-platform\packages\db
@repo/db:build: > tsup
@repo/db:build: 
@repo/db:build: [34mCLI[39m Building entry: src/index.ts, src/realtime.ts, src/web.ts, src/config/index.ts, src/schema/index.ts, src/schema/realtime.ts, src/schema/web.ts
@repo/db:build: [34mCLI[39m Using tsconfig: tsconfig.json
@repo/db:build: [34mCLI[39m tsup v8.5.1
@repo/db:build: [34mCLI[39m Using tsup config: C:\Users\aayus\OneDrive\Desktop\startup\helper\helper-platform\packages\db\tsup.config.ts
@repo/db:build: [34mCLI[39m Target: es2022
@repo/db:build: [34mCLI[39m Cleaning output folder
@repo/db:build: [34mCJS[39m Build start
@repo/db:build: [34mESM[39m Build start
@repo/db:build: [32mCJS[39m [1mdist\config\index.js        [22m[32m1.99 KB[39m
@repo/db:build: [32mCJS[39m [1mdist\index.js               [22m[32m65.63 KB[39m
@repo/db:build: [32mCJS[39m [1mdist\realtime.js            [22m[32m11.93 KB[39m
@repo/db:build: [32mCJS[39m [1mdist\schema\index.js        [22m[32m62.83 KB[39m
@repo/db:build: [32mCJS[39m [1mdist\schema\realtime.js     [22m[32m11.20 KB[39m
@repo/db:build: [32mCJS[39m [1mdist\schema\web.js          [22m[32m54.04 KB[39m
@repo/db:build: [32mCJS[39m [1mdist\web.js                 [22m[32m53.62 KB[39m
@repo/db:build: [32mCJS[39m [1mdist\config\index.js.map    [22m[32m1.85 KB[39m
@repo/db:build: [32mCJS[39m [1mdist\index.js.map           [22m[32m92.70 KB[39m
@repo/db:build: [32mCJS[39m [1mdist\realtime.js.map        [22m[32m18.05 KB[39m
@repo/db:build: [32mCJS[39m [1mdist\schema\index.js.map    [22m[32m89.24 KB[39m
@repo/db:build: [32mCJS[39m [1mdist\web.js.map             [22m[32m79.82 KB[39m
@repo/db:build: [32mCJS[39m [1mdist\schema\web.js.map      [22m[32m77.86 KB[39m
@repo/db:build: [32mCJS[39m [1mdist\schema\realtime.js.map [22m[32m16.04 KB[39m
@repo/db:build: [32mCJS[39m ÔÜí´©Å Build success in 106ms
@repo/db:build: [32mESM[39m [1mdist\config\index.mjs        [22m[32m217.00 B[39m
@repo/db:build: [32mESM[39m [1mdist\schema\realtime.mjs     [22m[32m410.00 B[39m
@repo/db:build: [32mESM[39m [1mdist\realtime.mjs            [22m[32m297.00 B[39m
@repo/db:build: [32mESM[39m [1mdist\schema\index.mjs        [22m[32m3.86 KB[39m
@repo/db:build: [32mESM[39m [1mdist\index.mjs               [22m[32m638.00 B[39m
@repo/db:build: [32mESM[39m [1mdist\chunk-OINZCJ6B.mjs      [22m[32m367.00 B[39m
@repo/db:build: [32mESM[39m [1mdist\web.mjs                 [22m[32m458.00 B[39m
@repo/db:build: [32mESM[39m [1mdist\schema\web.mjs          [22m[32m2.66 KB[39m
@repo/db:build: [32mESM[39m [1mdist\chunk-6JNFM4SI.mjs      [22m[32m873.00 B[39m
@repo/db:build: [32mESM[39m [1mdist\chunk-EAZ3EXNJ.mjs      [22m[32m6.11 KB[39m
@repo/db:build: [32mESM[39m [1mdist\chunk-NT5MDEP6.mjs      [22m[32m4.18 KB[39m
@repo/db:build: [32mESM[39m [1mdist\chunk-3VSYXVD3.mjs      [22m[32m6.11 KB[39m
@repo/db:build: [32mESM[39m [1mdist\chunk-TUMSOGVU.mjs      [22m[32m40.35 KB[39m
@repo/db:build: [32mESM[39m [1mdist\chunk-KDSI3FS5.mjs      [22m[32m2.98 KB[39m
@repo/db:build: [32mESM[39m [1mdist\chunk-J5LGTIGS.mjs      [22m[32m234.00 B[39m
@repo/db:build: [32mESM[39m [1mdist\config\index.mjs.map    [22m[32m71.00 B[39m
@repo/db:build: [32mESM[39m [1mdist\realtime.mjs.map        [22m[32m71.00 B[39m
@repo/db:build: [32mESM[39m [1mdist\chunk-OINZCJ6B.mjs.map  [22m[32m485.00 B[39m
@repo/db:build: [32mESM[39m [1mdist\index.mjs.map           [22m[32m71.00 B[39m
@repo/db:build: [32mESM[39m [1mdist\schema\realtime.mjs.map [22m[32m71.00 B[39m
@repo/db:build: [32mESM[39m [1mdist\schema\index.mjs.map    [22m[32m71.00 B[39m
@repo/db:build: [32mESM[39m [1mdist\web.mjs.map             [22m[32m478.00 B[39m
@repo/db:build: [32mESM[39m [1mdist\chunk-6JNFM4SI.mjs.map  [22m[32m1.80 KB[39m
@repo/db:build: [32mESM[39m [1mdist\chunk-3VSYXVD3.mjs.map  [22m[32m11.36 KB[39m
@repo/db:build: [32mESM[39m [1mdist\chunk-EAZ3EXNJ.mjs.map  [22m[32m1.14 KB[39m
@repo/db:build: [32mESM[39m [1mdist\chunk-NT5MDEP6.mjs.map  [22m[32m1.01 KB[39m
@repo/db:build: [32mESM[39m [1mdist\chunk-TUMSOGVU.mjs.map  [22m[32m74.23 KB[39m
@repo/db:build: [32mESM[39m [1mdist\schema\web.mjs.map      [22m[32m71.00 B[39m
@repo/db:build: [32mESM[39m [1mdist\chunk-KDSI3FS5.mjs.map  [22m[32m4.68 KB[39m
@repo/db:build: [32mESM[39m [1mdist\chunk-J5LGTIGS.mjs.map  [22m[32m71.00 B[39m
@repo/db:build: [32mESM[39m ÔÜí´©Å Build success in 121ms
@repo/db:build: [34mDTS[39m Build start
@repo/db:build: [32mDTS[39m ÔÜí´©Å Build success in 10543ms
@repo/db:build: [32mDTS[39m [1mdist\index.d.ts              [22m[32m449.00 B[39m
@repo/db:build: [32mDTS[39m [1mdist\realtime.d.ts           [22m[32m345.00 B[39m
@repo/db:build: [32mDTS[39m [1mdist\web.d.ts                [22m[32m393.00 B[39m
@repo/db:build: [32mDTS[39m [1mdist\config\index.d.ts       [22m[32m928.00 B[39m
@repo/db:build: [32mDTS[39m [1mdist\schema\realtime.d.ts    [22m[32m541.00 B[39m
@repo/db:build: [32mDTS[39m [1mdist\schema\web.d.ts         [22m[32m1.51 KB[39m
@repo/db:build: [32mDTS[39m [1mdist\schema\index.d.ts       [22m[32m2.56 KB[39m
@repo/db:build: [32mDTS[39m [1mdist\realtime-BYv4-L_O.d.ts  [22m[32m37.81 KB[39m
@repo/db:build: [32mDTS[39m [1mdist\web-BE9VR-6M.d.ts       [22m[32m8.19 KB[39m
@repo/db:build: [32mDTS[39m [1mdist\index-H9V9GubH.d.ts     [22m[32m15.85 KB[39m
@repo/db:build: [32mDTS[39m [1mdist\system-jbiRE8ZV.d.ts    [22m[32m201.48 KB[39m
@repo/db:build: [32mDTS[39m [1mdist\index.d.mts             [22m[32m455.00 B[39m
@repo/db:build: [32mDTS[39m [1mdist\realtime.d.mts          [22m[32m346.00 B[39m
@repo/db:build: [32mDTS[39m [1mdist\web.d.mts               [22m[32m395.00 B[39m
@repo/db:build: [32mDTS[39m [1mdist\config\index.d.mts      [22m[32m928.00 B[39m
@repo/db:build: [32mDTS[39m [1mdist\schema\realtime.d.mts   [22m[32m542.00 B[39m
@repo/db:build: [32mDTS[39m [1mdist\schema\web.d.mts        [22m[32m1.51 KB[39m
@repo/db:build: [32mDTS[39m [1mdist\schema\index.d.mts      [22m[32m2.56 KB[39m
@repo/db:build: [32mDTS[39m [1mdist\realtime-BYv4-L_O.d.mts [22m[32m37.81 KB[39m
@repo/db:build: [32mDTS[39m [1mdist\web-xRWbnr80.d.mts      [22m[32m8.19 KB[39m
@repo/db:build: [32mDTS[39m [1mdist\index-D2cosGG8.d.mts    [22m[32m15.86 KB[39m
@repo/db:build: [32mDTS[39m [1mdist\system-jbiRE8ZV.d.mts   [22m[32m201.48 KB[39m
realtime:build: cache miss, executing 563e684f56e0a1be
web:build: cache miss, executing 86fc67d490cf9099
realtime:build: 
realtime:build: > realtime@0.1.0 prebuild C:\Users\aayus\OneDrive\Desktop\startup\helper\helper-platform\apps\realtime
realtime:build: > pnpm --filter @repo/db build
realtime:build: 
web:build: 
web:build: > web@0.1.0 build C:\Users\aayus\OneDrive\Desktop\startup\helper\helper-platform\apps\web
web:build: > next build
web:build: 
realtime:build: 
realtime:build: > @repo/db@0.0.0 build C:\Users\aayus\OneDrive\Desktop\startup\helper\helper-platform\packages\db
realtime:build: > tsup
realtime:build: 
realtime:build: [34mCLI[39m Building entry: src/index.ts, src/realtime.ts, src/web.ts, src/config/index.ts, src/schema/index.ts, src/schema/realtime.ts, src/schema/web.ts
realtime:build: [34mCLI[39m Using tsconfig: tsconfig.json
realtime:build: [34mCLI[39m tsup v8.5.1
realtime:build: [34mCLI[39m Using tsup config: C:\Users\aayus\OneDrive\Desktop\startup\helper\helper-platform\packages\db\tsup.config.ts
realtime:build: [34mCLI[39m Target: es2022
realtime:build: [34mCLI[39m Cleaning output folder
realtime:build: [34mCJS[39m Build start
realtime:build: [34mESM[39m Build start
realtime:build: [32mESM[39m [1mdist\realtime.mjs            [22m[32m297.00 B[39m
realtime:build: [32mESM[39m [1mdist\index.mjs               [22m[32m638.00 B[39m
realtime:build: [32mESM[39m [1mdist\config\index.mjs        [22m[32m217.00 B[39m
realtime:build: [32mESM[39m [1mdist\schema\index.mjs        [22m[32m3.86 KB[39m
realtime:build: [32mESM[39m [1mdist\chunk-OINZCJ6B.mjs      [22m[32m367.00 B[39m
realtime:build: [32mESM[39m [1mdist\web.mjs                 [22m[32m458.00 B[39m
realtime:build: [32mESM[39m [1mdist\schema\realtime.mjs     [22m[32m410.00 B[39m
realtime:build: [32mESM[39m [1mdist\chunk-EAZ3EXNJ.mjs      [22m[32m6.11 KB[39m
realtime:build: [32mESM[39m [1mdist\schema\web.mjs          [22m[32m2.66 KB[39m
realtime:build: [32mESM[39m [1mdist\chunk-6JNFM4SI.mjs      [22m[32m873.00 B[39m
realtime:build: [32mESM[39m [1mdist\chunk-TUMSOGVU.mjs      [22m[32m40.35 KB[39m
realtime:build: [32mESM[39m [1mdist\chunk-3VSYXVD3.mjs      [22m[32m6.11 KB[39m
realtime:build: [32mESM[39m [1mdist\chunk-KDSI3FS5.mjs      [22m[32m2.98 KB[39m
realtime:build: [32mESM[39m [1mdist\chunk-NT5MDEP6.mjs      [22m[32m4.18 KB[39m
realtime:build: [32mESM[39m [1mdist\chunk-J5LGTIGS.mjs      [22m[32m234.00 B[39m
realtime:build: [32mESM[39m [1mdist\index.mjs.map           [22m[32m71.00 B[39m
realtime:build: [32mESM[39m [1mdist\chunk-OINZCJ6B.mjs.map  [22m[32m485.00 B[39m
realtime:build: [32mESM[39m [1mdist\schema\index.mjs.map    [22m[32m71.00 B[39m
realtime:build: [32mESM[39m [1mdist\config\index.mjs.map    [22m[32m71.00 B[39m
realtime:build: [32mESM[39m [1mdist\schema\realtime.mjs.map [22m[32m71.00 B[39m
realtime:build: [32mESM[39m [1mdist\realtime.mjs.map        [22m[32m71.00 B[39m
realtime:build: [32mESM[39m [1mdist\schema\web.mjs.map      [22m[32m71.00 B[39m
realtime:build: [32mESM[39m [1mdist\chunk-EAZ3EXNJ.mjs.map  [22m[32m1.14 KB[39m
realtime:build: [32mESM[39m [1mdist\web.mjs.map             [22m[32m478.00 B[39m
realtime:build: [32mESM[39m [1mdist\chunk-3VSYXVD3.mjs.map  [22m[32m11.36 KB[39m
realtime:build: [32mESM[39m [1mdist\chunk-TUMSOGVU.mjs.map  [22m[32m74.23 KB[39m
realtime:build: [32mESM[39m [1mdist\chunk-6JNFM4SI.mjs.map  [22m[32m1.80 KB[39m
realtime:build: [32mESM[39m [1mdist\chunk-NT5MDEP6.mjs.map  [22m[32m1.01 KB[39m
realtime:build: [32mESM[39m [1mdist\chunk-KDSI3FS5.mjs.map  [22m[32m4.68 KB[39m
realtime:build: [32mESM[39m [1mdist\chunk-J5LGTIGS.mjs.map  [22m[32m71.00 B[39m
realtime:build: [32mESM[39m ÔÜí´©Å Build success in 113ms
realtime:build: [32mCJS[39m [1mdist\schema\index.js        [22m[32m62.83 KB[39m
realtime:build: [32mCJS[39m [1mdist\config\index.js        [22m[32m1.99 KB[39m
realtime:build: [32mCJS[39m [1mdist\schema\web.js          [22m[32m54.04 KB[39m
realtime:build: [32mCJS[39m [1mdist\schema\realtime.js     [22m[32m11.20 KB[39m
realtime:build: [32mCJS[39m [1mdist\index.js               [22m[32m65.63 KB[39m
realtime:build: [32mCJS[39m [1mdist\realtime.js            [22m[32m11.93 KB[39m
realtime:build: [32mCJS[39m [1mdist\web.js                 [22m[32m53.62 KB[39m
realtime:build: [32mCJS[39m [1mdist\config\index.js.map    [22m[32m1.85 KB[39m
realtime:build: [32mCJS[39m [1mdist\schema\index.js.map    [22m[32m89.24 KB[39m
realtime:build: [32mCJS[39m [1mdist\schema\web.js.map      [22m[32m77.86 KB[39m
realtime:build: [32mCJS[39m [1mdist\schema\realtime.js.map [22m[32m16.04 KB[39m
realtime:build: [32mCJS[39m [1mdist\web.js.map             [22m[32m79.82 KB[39m
realtime:build: [32mCJS[39m [1mdist\realtime.js.map        [22m[32m18.05 KB[39m
realtime:build: [32mCJS[39m [1mdist\index.js.map           [22m[32m92.70 KB[39m
realtime:build: [32mCJS[39m ÔÜí´©Å Build success in 117ms
realtime:build: [34mDTS[39m Build start
web:build: Ôû▓ Next.js 16.1.7 (Turbopack, Cache Components)
web:build: - Environments: .env
web:build: 
web:build:   Creating an optimized production build ...
realtime:build: [32mDTS[39m ÔÜí´©Å Build success in 26625ms
realtime:build: [32mDTS[39m [1mdist\index.d.ts              [22m[32m449.00 B[39m
realtime:build: [32mDTS[39m [1mdist\realtime.d.ts           [22m[32m345.00 B[39m
realtime:build: [32mDTS[39m [1mdist\web.d.ts                [22m[32m393.00 B[39m
realtime:build: [32mDTS[39m [1mdist\config\index.d.ts       [22m[32m928.00 B[39m
realtime:build: [32mDTS[39m [1mdist\schema\realtime.d.ts    [22m[32m541.00 B[39m
realtime:build: [32mDTS[39m [1mdist\schema\web.d.ts         [22m[32m1.51 KB[39m
realtime:build: [32mDTS[39m [1mdist\schema\index.d.ts       [22m[32m2.56 KB[39m
realtime:build: [32mDTS[39m [1mdist\realtime-BYv4-L_O.d.ts  [22m[32m37.81 KB[39m
realtime:build: [32mDTS[39m [1mdist\web-BE9VR-6M.d.ts       [22m[32m8.19 KB[39m
realtime:build: [32mDTS[39m [1mdist\index-H9V9GubH.d.ts     [22m[32m15.85 KB[39m
realtime:build: [32mDTS[39m [1mdist\system-jbiRE8ZV.d.ts    [22m[32m201.48 KB[39m
realtime:build: [32mDTS[39m [1mdist\index.d.mts             [22m[32m455.00 B[39m
realtime:build: [32mDTS[39m [1mdist\realtime.d.mts          [22m[32m346.00 B[39m
realtime:build: [32mDTS[39m [1mdist\web.d.mts               [22m[32m395.00 B[39m
realtime:build: [32mDTS[39m [1mdist\config\index.d.mts      [22m[32m928.00 B[39m
realtime:build: [32mDTS[39m [1mdist\schema\realtime.d.mts   [22m[32m542.00 B[39m
realtime:build: [32mDTS[39m [1mdist\schema\web.d.mts        [22m[32m1.51 KB[39m
realtime:build: [32mDTS[39m [1mdist\schema\index.d.mts      [22m[32m2.56 KB[39m
realtime:build: [32mDTS[39m [1mdist\realtime-BYv4-L_O.d.mts [22m[32m37.81 KB[39m
realtime:build: [32mDTS[39m [1mdist\web-xRWbnr80.d.mts      [22m[32m8.19 KB[39m
realtime:build: [32mDTS[39m [1mdist\index-D2cosGG8.d.mts    [22m[32m15.86 KB[39m
realtime:build: [32mDTS[39m [1mdist\system-jbiRE8ZV.d.mts   [22m[32m201.48 KB[39m
realtime:build: 
realtime:build: > realtime@0.1.0 build C:\Users\aayus\OneDrive\Desktop\startup\helper\helper-platform\apps\realtime
realtime:build: > tsc -p tsconfig.json
realtime:build: 
web:build: Ô£ô Compiled successfully in 34.6s
web:build:   Running TypeScript ...
